"a"
"b"
.(a, b)
yes
no
.("foo", .("bar", ""))
.("baz", "")
