[the, cat, eats, the, cat]
[the, cat, eats, the, bat]
[the, cat, eats, a, cat]
[the, cat, eats, a, bat]
[the, bat, eats, the, cat]
[the, bat, eats, the, bat]
[the, bat, eats, a, cat]
[the, bat, eats, a, bat]
[a, cat, eats, the, cat]
[a, cat, eats, the, bat]
[a, cat, eats, a, cat]
[a, cat, eats, a, bat]
[a, bat, eats, the, cat]
[a, bat, eats, the, bat]
[a, bat, eats, a, cat]
[a, bat, eats, a, bat]
